// Jest Snapshot v1, https://goo.gl/fbAQLP

exports[`Check render App component 1`] = `
<div>
  <h1>
    My React App!!!
  </h1>
</div>
`;

exports[`Link changes the class when hovered 1`] = `
<div>
  <h1>
    My React App!!!
  </h1>
</div>
`;
